src/pages/core/generate.tsx(969,27): error TS2345: Argument of type 'ZodObject<{ idea: ZodString; contentType: ZodEnum<["Educational", "Story", "Viral"]>; tone: ZodEnum<["Casual", "Professional", "Aggressive"]>; niche: ZodDefault<ZodEnum<...>>; language: ZodDefault<...>; }, "strip", ZodTypeAny, { ...; }, { ...; }>' is not assignable to parameter of type 'ZodType<any, any, $ZodTypeInternals<any, any>>'.
  Type 'ZodObject<{ idea: ZodString; contentType: ZodEnum<["Educational", "Story", "Viral"]>; tone: ZodEnum<["Casual", "Professional", "Aggressive"]>; niche: ZodDefault<ZodEnum<...>>; language: ZodDefault<...>; }, "strip", ZodTypeAny, { ...; }, { ...; }>' is missing the following properties from type 'ZodType<any, any, $ZodTypeInternals<any, any>>': def, type, toJSONSchema, check, and 18 more.
src/pages/generators/hooks.tsx(50,27): error TS2345: Argument of type 'ZodObject<{ topic: ZodString; tone: ZodEnum<["Casual", "Professional", "Aggressive"]>; }, "strip", ZodTypeAny, { tone: "Aggressive" | "Professional" | "Casual"; topic: string; }, { ...; }>' is not assignable to parameter of type 'ZodType<any, any, $ZodTypeInternals<any, any>>'.
  Type 'ZodObject<{ topic: ZodString; tone: ZodEnum<["Casual", "Professional", "Aggressive"]>; }, "strip", ZodTypeAny, { tone: "Aggressive" | "Professional" | "Casual"; topic: string; }, { ...; }>' is missing the following properties from type 'ZodType<any, any, $ZodTypeInternals<any, any>>': def, type, toJSONSchema, check, and 18 more.
src/pages/settings/support.tsx(68,27): error TS2345: Argument of type 'ZodObject<{ email: ZodString; subject: ZodString; message: ZodString; }, "strip", ZodTypeAny, { email: string; message: string; subject: string; }, { ...; }>' is not assignable to parameter of type 'ZodType<any, any, $ZodTypeInternals<any, any>>'.
  Type 'ZodObject<{ email: ZodString; subject: ZodString; message: ZodString; }, "strip", ZodTypeAny, { email: string; message: string; subject: string; }, { ...; }>' is missing the following properties from type 'ZodType<any, any, $ZodTypeInternals<any, any>>': def, type, toJSONSchema, check, and 18 more.
